2026-07-09 12:28:57,610 WARNING database DDL Query made to DB:
ALTER TABLE `tabAPC Batch` MODIFY `allocated_quantity` decimal(21,9) not null default 0, MODIFY `batch_quantity` decimal(21,9) not null default 0, MODIFY `available_quantity` decimal(21,9) not null default 0
2026-07-09 12:29:08,833 WARNING database DDL Query made to DB:
ALTER TABLE `tabAPC Batch` MODIFY `allocated_quantity` decimal(21,9) not null default 0, MODIFY `available_quantity` decimal(21,9) not null default 0, MODIFY `batch_quantity` decimal(21,9) not null default 0
2026-07-09 12:30:28,367 WARNING database DDL Query made to DB:
ALTER TABLE `tabAPC Batch` MODIFY `allocated_quantity` decimal(21,9) not null default 0, MODIFY `batch_quantity` decimal(21,9) not null default 0, MODIFY `available_quantity` decimal(21,9) not null default 0
2026-07-09 14:45:16,008 WARNING database DDL Query made to DB:
ALTER TABLE `tabJob Order` MODIFY `insurance_value` decimal(21,9) not null default 0
2026-07-10 16:05:08,501 WARNING database DDL Query made to DB:
ALTER TABLE `tabJob Order` MODIFY `insurance_value` decimal(21,9) not null default 0
2026-07-10 16:05:08,501 WARNING database DDL Query made to DB:
ALTER TABLE `tabJob Order` MODIFY `insurance_value` decimal(21,9) not null default 0
2026-07-13 09:23:35,645 WARNING database DDL Query made to DB:
alter table `tabDocType` add column if not exists migration_hash varchar(140)
2026-07-13 09:23:36,647 WARNING database DDL Query made to DB:
ALTER TABLE `tabPrint Heading` DROP INDEX `print_heading`
2026-07-13 09:23:36,952 WARNING database DDL Query made to DB:
ALTER TABLE `tabDriver` MODIFY `status` varchar(140) default 'Active'
2026-07-13 09:23:37,150 WARNING database DDL Query made to DB:
ALTER TABLE `tabVehicle` MODIFY `capacity` decimal(21,9) not null default 0
2026-07-13 09:23:37,405 WARNING database DDL Query made to DB:
ALTER TABLE `tabJob Order` MODIFY `commercial_movement` varchar(140) default 'Outward', MODIFY `insurance_value` decimal(21,9) not null default 0, MODIFY `status` varchar(140) default 'Confirmed'
2026-07-13 09:23:38,520 WARNING database DDL Query made to DB:
ALTER TABLE `tabAPC Batch` MODIFY `batch_quantity` decimal(21,9) not null default 0, MODIFY `available_quantity` decimal(21,9) not null default 0, MODIFY `allocated_quantity` decimal(21,9) not null default 0
2026-07-13 09:23:39,207 WARNING database DDL Query made to DB:
ALTER TABLE `tabJob Order` MODIFY `status` varchar(140) default 'Draft', MODIFY `insurance_value` decimal(21,9) not null default 0
2026-07-13 09:23:40,069 WARNING database DDL Query made to DB:
ALTER TABLE `tabDriver` MODIFY `status` varchar(140)
2026-07-13 09:23:40,270 WARNING database DDL Query made to DB:
ALTER TABLE `tabPrint Heading` ADD UNIQUE INDEX IF NOT EXISTS print_heading (`print_heading`)
2026-07-13 09:23:40,454 WARNING database DDL Query made to DB:
ALTER TABLE `tabVehicle` MODIFY `vehicle_value` decimal(21,9) not null default 0
2026-07-13 10:05:34,218 WARNING database DDL Query made to DB:
ALTER TABLE `tabJob Order` MODIFY `insurance_value` decimal(21,9) not null default 0
2026-07-13 10:28:15,099 WARNING database DDL Query made to DB:
alter table `tabDocType` add column if not exists migration_hash varchar(140)
2026-07-13 10:28:16,007 WARNING database DDL Query made to DB:
ALTER TABLE `tabPrint Heading` DROP INDEX `print_heading`
2026-07-13 10:28:16,300 WARNING database DDL Query made to DB:
ALTER TABLE `tabDriver` MODIFY `status` varchar(140) default 'Active'
2026-07-13 10:28:16,498 WARNING database DDL Query made to DB:
ALTER TABLE `tabVehicle` MODIFY `capacity` decimal(21,9) not null default 0
2026-07-13 10:28:16,749 WARNING database DDL Query made to DB:
ALTER TABLE `tabJob Order` MODIFY `insurance_value` decimal(21,9) not null default 0
2026-07-13 10:28:18,063 WARNING database DDL Query made to DB:
ALTER TABLE `tabJob Order` MODIFY `insurance_value` decimal(21,9) not null default 0
2026-07-13 10:28:18,938 WARNING database DDL Query made to DB:
ALTER TABLE `tabDriver` MODIFY `status` varchar(140)
2026-07-13 10:28:19,133 WARNING database DDL Query made to DB:
ALTER TABLE `tabPrint Heading` ADD UNIQUE INDEX IF NOT EXISTS print_heading (`print_heading`)
2026-07-13 10:28:19,320 WARNING database DDL Query made to DB:
ALTER TABLE `tabVehicle` MODIFY `vehicle_value` decimal(21,9) not null default 0
2026-07-13 10:49:16,290 WARNING database DDL Query made to DB:
alter table `tabDocType` add column if not exists migration_hash varchar(140)
2026-07-13 10:49:17,223 WARNING database DDL Query made to DB:
ALTER TABLE `tabPrint Heading` DROP INDEX `print_heading`
2026-07-13 10:49:17,534 WARNING database DDL Query made to DB:
ALTER TABLE `tabDriver` MODIFY `status` varchar(140) default 'Active'
2026-07-13 10:49:17,884 WARNING database DDL Query made to DB:
ALTER TABLE `tabDelivery Order` MODIFY `total_net_weight` decimal(21,9) not null default 0, MODIFY `total_gross_weight` decimal(21,9) not null default 0, MODIFY `total_qty` decimal(21,9) not null default 0, MODIFY `planned_packaging_tare_kg` decimal(21,9) not null default 0, MODIFY `planned_product_kg` decimal(21,9) not null default 0, MODIFY `planned_quantity` decimal(21,9) not null default 0, MODIFY `planned_gross_kg` decimal(21,9) not null default 0
2026-07-13 10:49:18,072 WARNING database DDL Query made to DB:
ALTER TABLE `tabVehicle` MODIFY `capacity` decimal(21,9) not null default 0
2026-07-13 10:49:18,311 WARNING database DDL Query made to DB:
ALTER TABLE `tabJob Order` MODIFY `insurance_value` decimal(21,9) not null default 0
2026-07-13 10:49:19,629 WARNING database DDL Query made to DB:
ALTER TABLE `tabJob Order` MODIFY `insurance_value` decimal(21,9) not null default 0
2026-07-13 10:49:20,466 WARNING database DDL Query made to DB:
ALTER TABLE `tabDriver` MODIFY `status` varchar(140)
2026-07-13 10:49:20,652 WARNING database DDL Query made to DB:
ALTER TABLE `tabPrint Heading` ADD UNIQUE INDEX IF NOT EXISTS print_heading (`print_heading`)
2026-07-13 10:49:20,835 WARNING database DDL Query made to DB:
ALTER TABLE `tabVehicle` MODIFY `vehicle_value` decimal(21,9) not null default 0
